2026-01-22 21:09:01 | INFO | Starting MNIST pipeline
2026-01-22 21:09:04 | INFO | {
  "system": {
    "python": "3.13.5 | packaged by Anaconda, Inc. | (main, Jun 12 2025, 16:37:03) [MSC v.1929 64 bit (AMD64)]",
    "platform": "Windows-11-10.0.26200-SP0",
    "processor": "Intel64 Family 6 Model 142 Stepping 10, GenuineIntel",
    "machine": "AMD64",
    "hostname": "MyLaptop",
    "cwd": "D:\\GitHub\\transition-matrix-etm-xai-2",
    "git": {
      "commit": "55a1dbbd764057da28339319626312542e26ed9c",
      "dirty": true,
      "status": "M src/etm/mnist/__pycache__/eval.cpython-313.pyc\n M src/etm/mnist/eval.py\n?? outputs/logs/mnist_20260122T190901Z.log\n?? outputs/logs/run_all_20260122T190857Z.log"
    },
    "packages": {
      "numpy": "2.2.6",
      "scipy": "1.16.3",
      "sklearn": "1.7.2",
      "matplotlib": "3.10.6",
      "torch": "2.9.1+cpu",
      "torchvision": "0.24.1+cpu",
      "skimage": "0.26.0"
    }
  }
}
2026-01-22 21:09:04 | INFO | Seeding info: {'seed': 42, 'deterministic_torch': True, 'torch': {'torch_version': '2.9.1+cpu', 'cuda_available': False, 'cuda_version': None, 'cudnn_version': None}}
2026-01-22 21:09:04 | INFO | Loading existing model weights: D:\GitHub\transition-matrix-etm-xai-2\outputs\mnist\models\mnist_cnn_k490.pt
2026-01-22 21:09:19 | INFO | Generator estimation: processed 1280/5000 samples
2026-01-22 21:09:21 | INFO | Generator estimation: processed 2560/5000 samples
2026-01-22 21:09:22 | INFO | Generator estimation: processed 3840/5000 samples
2026-01-22 21:09:24 | INFO | Collected A (5000, 490), dA (5000, 490), B (5000, 784), dB (5000, 784)
2026-01-22 21:09:27 | INFO | Collecting A,B for transition estimation (n_samples=20000)
2026-01-22 21:09:48 | INFO | Transition data shapes: A_sub=(20000, 490), B_sub=(20000, 784)
2026-01-22 21:17:22 | INFO | MNIST eval subset: SSIM old=0.6687, new=0.6689; PSNR old=18.33, new=18.33; sym old=1.059e+02, new=3.022e+01
2026-01-22 21:17:22 | INFO | MNIST pipeline complete. Manifest: outputs/mnist/runs/mnist_20260122T190901Z_manifest.json
