2026-01-21 15:53:58 | INFO | Starting MNIST pipeline
2026-01-21 15:54:00 | INFO | {
  "system": {
    "python": "3.13.5 | packaged by Anaconda, Inc. | (main, Jun 12 2025, 16:37:03) [MSC v.1929 64 bit (AMD64)]",
    "platform": "Windows-11-10.0.26200-SP0",
    "processor": "Intel64 Family 6 Model 142 Stepping 10, GenuineIntel",
    "machine": "AMD64",
    "hostname": "MyLaptop",
    "cwd": "D:\\GitHub\\transition-matrix-etm-xai-2",
    "git": {
      "commit": "37ea5cf69af0aff46f001fef1badd1802ff80b02",
      "dirty": true,
      "status": "M README.md\n?? configs/\n?? data/\n?? inputs/\n?? outputs/\n?? reports/\n?? requirements.txt\n?? run_all.py\n?? scripts/\n?? src/\n?? tests/"
    },
    "packages": {
      "numpy": "2.2.6",
      "scipy": "1.16.3",
      "sklearn": "1.7.2",
      "matplotlib": "3.10.6",
      "torch": "2.9.1+cpu",
      "torchvision": "0.24.1+cpu",
      "skimage": "0.26.0"
    }
  }
}
2026-01-21 15:54:00 | INFO | Seeding info: {'seed': 42, 'deterministic_torch': True, 'torch': {'torch_version': '2.9.1+cpu', 'cuda_available': False, 'cuda_version': None, 'cudnn_version': None}}
2026-01-21 15:54:00 | INFO | Loading existing model weights: D:\GitHub\transition-matrix-etm-xai-2\outputs\mnist\models\mnist_cnn_k490.pt
